// Jest Snapshot v1, https://goo.gl/fbAQLP

exports[`Home has expected content with deep render 1`] = `
<div
  className="dyna-plain-radio-button"
  onClick={[Function]}
>
  <div
    className="bullet-container"
  >
    <svg
      height={20}
      width={20}
      xmlns="http://www.w3.org/2000/svg"
    >
      <g>
        <circle
          cx={10}
          cy={10}
          fill="transparent"
          r={9}
          strokeWidth={1}
        />
        <Motion
          defaultStyle={
            Object {
              "bulletWidth": 0,
            }
          }
          style={
            Object {
              "bulletWidth": Object {
                "damping": 26,
                "precision": 1,
                "stiffness": 300,
                "val": 0,
              },
            }
          }
        />
      </g>
    </svg>
  </div>
  <div
    className="text-container"
  />
</div>
`;
